<?xml version="1.0" encoding="utf-8"?><testsuites><testsuite errors="0" failures="0" hostname="me" name="pytest" skipped="0" tests="0" time="0.031" timestamp="2020-02-02T15:11:12.559544"></testsuite></testsuites>